[23:30:45] [main/INFO]: Loading Minecraft 1.21.1 with Fabric Loader 0.16.10
[23:30:45] [ForkJoinPool-1-worker-2/WARN]: The mod "dungeons_arise" contains invalid entries in its mod json:
- Unsupported root entry "credits" at line 12 column 11
[23:30:45] [ForkJoinPool-1-worker-2/WARN]: Mod oceansdelight uses the version fdrf-fabric-1.0.2-1.21 which isn't compatible with Loader's extended semantic version format (Could not parse version number component 'fdrf'!), SemVer is recommended for reliably evaluating dependencies and prioritizing newer version
[23:30:46] [main/WARN]: Mod resolution failed
[23:30:46] [main/INFO]: Immediate reason: [HARD_DEP_NO_CANDIDATE iceandfire 1.0-beta.8 {depends jupiter @ [>=2]}, ROOT_FORCELOAD_SINGLE iceandfire 1.0-beta.8]
[23:30:46] [main/INFO]: Reason: [HARD_DEP iceandfire 1.0-beta.8 {depends jupiter @ [>=2]}, HARD_DEP iceandfire 1.0-beta.8 {depends uranus @ [>=2]}, HARD_DEP playeranimator 2.0.3+1.21.4 {depends minecraft @ [>1.21.3]}]
[23:30:46] [main/INFO]: SERVER environment disabled: [fabric-model-loading-api-v1, fabric-renderer-api-v1, entity_model_features, fabric-keybindings-v0, entity_texture_features, enchdesc, fabric-client-tags-api-v1, fabric-screen-api-v1, fabric-renderer-indigo, fabric-blockrenderlayer-v1, fabric-renderer-registries-v1, fabric-sound-api-v1, fabric-rendering-v0, fabric-key-binding-api-v1, fabric-rendering-v1]
[23:30:46] [main/INFO]: Fix: add [add:jupiter 2 ([[2,∞)]), add:uranus 2 ([[2,∞)])], remove [], replace []
[23:30:46] [main/ERROR]: Incompatible mods found!
net.fabricmc.loader.impl.FormattedException: Some of your mods are incompatible with the game or each other!
A potential solution has been determined, this may resolve your problem:
	 - Install jupiter, version 2 or later.
	 - Install uranus, version 2 or later.
More details:
	 - Mod 'Ice And Fire Community Edition' (iceandfire) 1.0-beta.8 requires version 2 or later of jupiter, which is missing!
	 - Mod 'Ice And Fire Community Edition' (iceandfire) 1.0-beta.8 requires version 2 or later of uranus, which is missing!
	 - Mod 'Player Animator' (playeranimator) 2.0.3+1.21.4 requires any version after 1.21.3 of 'Minecraft' (minecraft), but only the wrong version is present: 1.21.1!
	at net.fabricmc.loader.impl.FormattedException.ofLocalized(FormattedException.java:51) ~[fabric-loader-0.16.10.jar:?]
	at net.fabricmc.loader.impl.FabricLoaderImpl.load(FabricLoaderImpl.java:196) ~[fabric-loader-0.16.10.jar:?]
	at net.fabricmc.loader.impl.launch.knot.Knot.init(Knot.java:146) ~[fabric-loader-0.16.10.jar:?]
	at net.fabricmc.loader.impl.launch.knot.Knot.launch(Knot.java:68) [fabric-loader-0.16.10.jar:?]
	at net.fabricmc.loader.impl.launch.knot.KnotServer.main(KnotServer.java:23) [fabric-loader-0.16.10.jar:?]
	at net.fabricmc.loader.impl.launch.server.FabricServerLauncher.main(FabricServerLauncher.java:69) [fabric-loader-0.16.10.jar:?]
	at net.fabricmc.installer.ServerLauncher.main(ServerLauncher.java:69) [fabric-server-launch.jar:1.0.1]
